2026-07-09T05:54:22.386Z [INFO] POST /auth/login 200 4624.555 ms
2026-07-09T05:54:22.459Z [INFO] POST /auth/login 200 4156.221 ms
2026-07-09T05:54:22.526Z [INFO] POST /auth/login 200 4311.910 ms
2026-07-09T05:54:23.338Z [INFO] GET /cart 200 82.541 ms
2026-07-09T05:54:23.411Z [INFO] GET /restaurants 304 149.195 ms
2026-07-09T05:54:23.495Z [INFO] GET /cart 304 61.543 ms
2026-07-09T05:54:23.652Z [INFO] GET /restaurants 304 160.890 ms
2026-07-09T05:54:23.723Z [INFO] POST /auth/login 200 7186.850 ms
2026-07-09T05:54:42.226Z [INFO] GET /orders 200 148.081 ms
2026-07-09T05:54:42.395Z [INFO] GET /orders 304 141.448 ms
2026-07-09T05:54:45.513Z [INFO] GET /restaurant-reviews 403 1.123 ms
2026-07-09T05:54:45.515Z [INFO] GET /delivery-reviews 403 0.961 ms
2026-07-09T05:54:45.594Z [INFO] GET /delivery-reviews 403 0.974 ms
2026-07-09T05:54:45.598Z [INFO] GET /orders 304 150.240 ms
2026-07-09T05:54:45.605Z [INFO] GET /restaurant-reviews 403 0.725 ms
2026-07-09T05:54:45.756Z [INFO] GET /orders 304 142.505 ms
2026-07-09T05:54:46.729Z [INFO] GET /cart 304 72.140 ms
2026-07-09T05:54:46.784Z [INFO] GET /restaurants 304 124.816 ms
2026-07-09T05:54:46.871Z [INFO] GET /cart 304 59.251 ms
2026-07-09T05:54:46.969Z [INFO] GET /restaurants 304 140.556 ms
2026-07-09T05:54:48.605Z [INFO] GET /cart 304 69.775 ms
2026-07-09T05:54:48.690Z [INFO] GET /cart 304 69.582 ms
2026-07-09T05:54:48.850Z [INFO] GET /restaurants/6a33b80212a4ae08bedda71c 304 140.849 ms
2026-07-09T05:54:49.023Z [INFO] GET /restaurants/6a33b80212a4ae08bedda71c 304 158.640 ms
2026-07-09T05:54:49.059Z [INFO] GET /restaurants/6a33b80212a4ae08bedda71c/menu 304 127.134 ms
2026-07-09T05:54:49.175Z [INFO] GET /cart 304 80.287 ms
2026-07-09T05:54:49.247Z [INFO] GET /restaurants/6a33b80212a4ae08bedda71c/menu 304 154.524 ms
2026-07-09T05:54:49.333Z [INFO] GET /cart 304 84.284 ms
2026-07-09T05:54:49.470Z [INFO] GET /cart 304 104.866 ms
2026-07-09T05:54:49.568Z [INFO] GET /cart 304 73.005 ms
2026-07-09T05:54:49.703Z [INFO] GET /cart 304 97.377 ms
2026-07-09T05:54:49.786Z [INFO] GET /cart 304 57.491 ms
2026-07-09T05:54:51.261Z [INFO] POST /cart/add 200 198.704 ms
2026-07-09T05:54:51.414Z [INFO] GET /cart 200 114.168 ms
2026-07-09T05:54:51.966Z [INFO] GET /cart 304 439.843 ms
2026-07-09T05:54:52.246Z [INFO] GET /cart 304 128.724 ms
2026-07-09T05:54:52.490Z [INFO] GET /cart 304 133.351 ms
2026-07-09T05:54:54.402Z [INFO] GET /cart 304 1444.138 ms
2026-07-09T05:54:55.174Z [INFO] GET /cart 304 114.629 ms
2026-07-09T05:54:56.638Z [INFO] GET /cart 304 1368.943 ms
2026-07-09T05:54:59.338Z [INFO] GET /cart 304 198.217 ms
2026-07-09T05:54:59.501Z [INFO] GET /cart 304 119.322 ms
2026-07-09T05:55:05.936Z [INFO] POST /payments/create 200 431.028 ms
2026-07-09T05:57:55.158Z [INFO] POST /auth/login 200 660.871 ms
2026-07-09T05:57:55.647Z [INFO] GET /restaurants 304 156.874 ms
2026-07-09T05:57:55.743Z [INFO] GET /cart 200 254.732 ms
2026-07-09T05:57:55.815Z [INFO] POST /auth/login 200 231.142 ms
2026-07-09T05:57:55.880Z [INFO] GET /restaurants 304 133.348 ms
2026-07-09T05:57:55.898Z [INFO] GET /cart 304 139.645 ms
2026-07-09T05:58:00.528Z [INFO] GET /orders 304 138.384 ms
2026-07-09T05:58:00.756Z [INFO] GET /orders 304 139.180 ms
2026-07-09T05:58:04.356Z [INFO] GET /restaurant-reviews 403 0.734 ms
2026-07-09T05:58:04.653Z [INFO] GET /delivery-reviews 403 0.847 ms
2026-07-09T05:58:04.861Z [INFO] GET /delivery-reviews 403 0.820 ms
2026-07-09T05:58:04.984Z [INFO] GET /orders 304 329.747 ms
2026-07-09T05:58:05.076Z [INFO] GET /restaurant-reviews 403 0.787 ms
2026-07-09T05:58:05.158Z [INFO] GET /orders 304 142.576 ms
2026-07-09T05:58:07.774Z [INFO] GET /orders 304 139.835 ms
2026-07-09T05:58:09.011Z [INFO] GET /orders 304 784.882 ms
2026-07-09T05:58:12.311Z [INFO] GET /cart 304 570.570 ms
2026-07-09T05:58:13.000Z [INFO] GET /cart 304 617.515 ms
2026-07-09T05:58:20.402Z [INFO] GET /cart 304 132.090 ms
2026-07-09T05:58:23.609Z [INFO] GET /cart 304 141.376 ms
2026-07-09T05:58:28.130Z [INFO] POST /payments/create 200 163.883 ms
2026-07-09T05:58:45.434Z [INFO] POST /payments/create 200 134.268 ms
2026-07-09T05:59:09.366Z [INFO] POST /payments/verify 200 609.489 ms
2026-07-09T05:59:21.503Z [INFO] GET /orders 200 141.116 ms
2026-07-09T05:59:21.863Z [INFO] GET /orders 304 333.679 ms
2026-07-09T05:59:33.592Z [INFO] GET /cart 200 75.171 ms
2026-07-09T05:59:33.655Z [INFO] GET /restaurants 304 135.519 ms
2026-07-09T05:59:34.705Z [INFO] GET /cart 304 1090.319 ms
2026-07-09T05:59:35.807Z [INFO] GET /restaurants 304 2137.040 ms
2026-07-09T05:59:36.008Z [INFO] GET /cart 304 671.255 ms
2026-07-09T05:59:36.906Z [INFO] GET /cart 304 73.694 ms
2026-07-09T05:59:37.326Z [INFO] GET /restaurants/6a33b80212a4ae08bedda71c 304 827.504 ms
2026-07-09T05:59:37.509Z [INFO] GET /restaurants/6a33b80212a4ae08bedda71c 304 132.234 ms
2026-07-09T05:59:37.515Z [INFO] GET /restaurants/6a33b80212a4ae08bedda71c/menu 304 130.477 ms
2026-07-09T05:59:37.628Z [INFO] GET /cart 304 72.613 ms
2026-07-09T05:59:37.697Z [INFO] GET /restaurants/6a33b80212a4ae08bedda71c/menu 304 142.690 ms
2026-07-09T05:59:37.757Z [INFO] GET /cart 304 80.075 ms
2026-07-09T05:59:37.887Z [INFO] GET /cart 304 67.510 ms
2026-07-09T05:59:37.991Z [INFO] GET /cart 304 66.450 ms
2026-07-09T05:59:38.164Z [INFO] GET /cart 304 65.723 ms
2026-07-09T05:59:38.264Z [INFO] GET /cart 304 66.046 ms
2026-07-09T05:59:44.354Z [INFO] POST /cart/add 200 207.370 ms
2026-07-09T05:59:45.084Z [INFO] GET /cart 200 611.219 ms
2026-07-09T05:59:45.316Z [INFO] GET /cart 304 136.196 ms
2026-07-09T05:59:45.512Z [INFO] GET /cart 304 134.533 ms
2026-07-09T05:59:46.478Z [INFO] GET /cart 304 138.233 ms
2026-07-09T05:59:46.665Z [INFO] GET /cart 304 148.198 ms
2026-07-09T05:59:47.200Z [INFO] GET /cart 304 152.283 ms
2026-07-09T05:59:47.363Z [INFO] GET /cart 304 133.793 ms
2026-07-09T05:59:55.325Z [INFO] GET /cart 304 149.593 ms
2026-07-09T05:59:55.597Z [INFO] GET /cart 304 186.140 ms
2026-07-09T06:00:00.470Z [INFO] POST /orders 500 146.640 ms
2026-07-09T06:00:19.576Z [INFO] POST /payments/create 200 8795.877 ms
2026-07-09T06:16:43.547Z [INFO] POST /payments/create 401 4.128 ms
2026-07-09T06:30:05.193Z [INFO] POST /auth/login 400 145.138 ms
2026-07-09T06:30:20.078Z [INFO] POST /auth/login 200 376.995 ms
2026-07-09T06:30:20.369Z [INFO] GET /cart 304 98.764 ms
2026-07-09T06:30:20.393Z [INFO] GET /restaurants 304 106.368 ms
2026-07-09T06:30:20.638Z [INFO] GET /cart 304 179.900 ms
2026-07-09T06:30:21.269Z [INFO] GET /restaurants 304 744.703 ms
2026-07-09T06:50:30.460Z [INFO] POST /auth/login 200 204.567 ms
2026-07-09T06:50:30.735Z [INFO] GET /cart 304 115.851 ms
2026-07-09T06:50:30.741Z [INFO] GET /restaurants 304 113.917 ms
2026-07-09T06:50:30.853Z [INFO] GET /cart 304 96.028 ms
2026-07-09T06:50:30.907Z [INFO] GET /restaurants 304 84.099 ms
2026-07-09T06:50:35.662Z [INFO] GET /cart 304 82.494 ms
2026-07-09T06:50:35.784Z [INFO] GET /cart 304 95.671 ms
2026-07-09T06:50:37.667Z [INFO] GET /cart 304 124.092 ms
2026-07-09T06:50:37.830Z [INFO] GET /cart 304 132.417 ms
2026-07-09T06:52:04.697Z [INFO] GET /cart 304 77.382 ms
2026-07-09T06:52:04.800Z [INFO] GET /cart 304 85.729 ms
2026-07-09T06:52:14.946Z [INFO] POST /payments/create 500 329.774 ms
2026-07-09T06:53:09.982Z [INFO] POST /payments/create 200 442.304 ms
2026-07-09T06:54:38.676Z [INFO] POST /payments/create 200 91.079 ms
2026-07-09T06:56:49.765Z [INFO] POST /payments/create 200 85.617 ms
2026-07-09T07:00:05.866Z [INFO] GET /api-docs/ 304 3.826 ms
2026-07-09T07:00:53.100Z [INFO] GET /api-docs/ 304 1.027 ms
2026-07-09T07:13:28.861Z [INFO] GET /api-docs/ 304 0.936 ms
2026-07-09T07:13:28.975Z [INFO] GET /api-docs/ 304 1.165 ms
2026-07-09T07:13:42.676Z [INFO] GET /api-docs/ 304 1.060 ms
2026-07-09T07:19:57.962Z [INFO] GET /cart 401 1.867 ms
2026-07-09T07:19:57.972Z [INFO] GET /cart 401 1.183 ms
2026-07-09T07:20:22.168Z [INFO] POST /auth/login 200 203.311 ms
2026-07-09T07:20:22.362Z [INFO] GET /cart 304 105.278 ms
2026-07-09T07:20:22.389Z [INFO] GET /restaurants 304 119.488 ms
2026-07-09T07:20:22.469Z [INFO] GET /cart 304 93.348 ms
2026-07-09T07:20:22.494Z [INFO] GET /restaurants 304 92.855 ms
2026-07-09T07:20:24.858Z [INFO] GET /cart 304 159.386 ms
2026-07-09T07:20:25.101Z [INFO] GET /cart 304 107.760 ms
2026-07-09T07:20:28.103Z [INFO] GET /cart 304 904.983 ms
2026-07-09T07:20:31.041Z [INFO] GET /cart 304 1379.515 ms
2026-07-09T07:20:35.238Z [INFO] POST /payments/create 200 950.252 ms
2026-07-09T08:32:02.000Z [INFO] GET /api-docs/ 304 0.671 ms
2026-07-09T08:32:02.053Z [INFO] GET /api-docs/swagger-ui.css 304 0.619 ms
2026-07-09T08:32:02.059Z [INFO] GET /api-docs/swagger-ui-bundle.js 304 0.927 ms
2026-07-09T08:32:02.061Z [INFO] GET /api-docs/swagger-ui-init.js 200 0.850 ms
2026-07-09T08:32:02.062Z [INFO] GET /api-docs/swagger-ui-standalone-preset.js 304 2.302 ms
2026-07-09T08:37:00.509Z [INFO] GET /api-docs/ 304 0.812 ms
2026-07-09T08:37:09.525Z [INFO] GET /api-docs/ 304 1.297 ms
2026-07-09T08:37:51.148Z [INFO] GET /api-docs/ 304 0.822 ms
2026-07-09T11:27:49.487Z [INFO] POST /auth/login 400 195.874 ms
2026-07-09T11:27:53.012Z [INFO] POST /auth/login 400 146.810 ms
2026-07-09T11:28:00.614Z [INFO] POST /auth/login 400 1246.471 ms
2026-07-09T11:28:31.082Z [INFO] POST /auth/login 200 250.122 ms
2026-07-09T11:28:31.395Z [INFO] GET /restaurants 304 112.991 ms
2026-07-09T11:28:31.402Z [INFO] GET /cart 304 126.690 ms
2026-07-09T11:28:31.507Z [INFO] GET /cart 304 90.499 ms
2026-07-09T11:28:31.515Z [INFO] GET /restaurants 304 102.144 ms
2026-07-09T11:28:35.269Z [INFO] GET /cart 304 1060.845 ms
2026-07-09T11:28:35.391Z [INFO] GET /cart 304 99.996 ms
2026-07-09T11:28:37.023Z [INFO] GET /cart 304 95.809 ms
2026-07-09T11:28:37.153Z [INFO] GET /cart 304 99.920 ms
2026-07-09T11:28:48.874Z [INFO] POST /payments/create 200 423.372 ms
2026-07-09T11:29:29.948Z [INFO] GET /api-docs/ 304 1.872 ms
2026-07-09T11:29:37.345Z [INFO] GET /api-docs/ 304 1.223 ms
2026-07-09T11:30:02.635Z [INFO] GET /api-docs/ 304 0.415 ms
2026-07-09T11:30:15.024Z [INFO] GET /api-docs/ 304 2.064 ms
2026-07-09T11:30:15.089Z [INFO] GET /api-docs/swagger-ui.css 304 4.147 ms
2026-07-09T11:30:15.090Z [INFO] GET /api-docs/swagger-ui-bundle.js 304 3.916 ms
2026-07-09T11:30:15.090Z [INFO] GET /api-docs/swagger-ui-standalone-preset.js 304 2.450 ms
2026-07-09T11:30:15.093Z [INFO] GET /api-docs/swagger-ui-init.js 304 1.740 ms
2026-07-09T11:30:18.288Z [INFO] GET /api-docs/ 304 0.841 ms
2026-07-09T11:30:19.731Z [INFO] GET /api-docs/ 304 1.082 ms
2026-07-09T11:31:17.152Z [INFO] GET /api-docs/ 304 1.582 ms
2026-07-09T11:37:01.739Z [INFO] GET /cart 304 118.507 ms
2026-07-09T11:37:01.874Z [INFO] GET /cart 304 100.495 ms
